  adding: PRODUCTINFO (deflated 22%)
  adding: VERSION (stored 0%)
  adding: bootstrap.html (deflated 59%)
  adding: index.html (deflated 59%)
  adding: js/ (stored 0%)
  adding: js/third-party/ (stored 0%)
  adding: js/third-party/jsface.js (deflated 69%)
  adding: js/third-party/base64.js (deflated 72%)
  adding: js/third-party/moment.js (deflated 82%)
  adding: js/third-party/pikaday.js (deflated 78%)
  adding: js/third-party/state-machine.js (deflated 74%)
  adding: js/third-party/i18next.js (deflated 77%)
  adding: js/third-party/i18next-browser-languagedetector.js (deflated 74%)
  adding: js/third-party/stackframe.js (deflated 72%)
  adding: js/third-party/stacktrace.js (deflated 67%)
  adding: js/compiledTemplates.js (deflated 86%)
  adding: js/compiledLocales.js (deflated 76%)
  adding: js/gbc.bootstrap.js (deflated 50%)
  adding: js/gbc.js (deflated 86%)
  adding: resources/ (stored 0%)
  adding: resources/fonts/ (stored 0%)
  adding: resources/fonts/droidsans-bold.eot (deflated 35%)
  adding: resources/fonts/droidsans-bold.svg (deflated 58%)
  adding: resources/fonts/droidsans-bold.ttf (deflated 35%)
  adding: resources/fonts/droidsans-bold.woff (deflated 0%)
  adding: resources/fonts/droidsans-regular.eot (deflated 36%)
  adding: resources/fonts/droidsans-regular.svg (deflated 59%)
  adding: resources/fonts/droidsans-regular.ttf (deflated 36%)
  adding: resources/fonts/droidsans-regular.woff (deflated 0%)
  adding: resources/fonts/droidsansmono.eot (deflated 35%)
  adding: resources/fonts/droidsansmono.svg (deflated 58%)
  adding: resources/fonts/droidsansmono.ttf (deflated 35%)
  adding: resources/fonts/droidsansmono.woff (deflated 0%)
  adding: resources/fonts/materialdesignicons-webfont.eot (deflated 51%)
  adding: resources/fonts/materialdesignicons-webfont.svg (deflated 85%)
  adding: resources/fonts/materialdesignicons-webfont.ttf (deflated 51%)
  adding: resources/fonts/materialdesignicons-webfont.woff (deflated 0%)
  adding: resources/fonts/materialdesignicons-webfont.woff2 (deflated 1%)
  adding: resources/img/ (stored 0%)
  adding: resources/img/cursor-debug-small.png (stored 0%)
  adding: resources/img/emptytabbed.png (deflated 20%)
  adding: resources/img/gbc_logo.ico (stored 0%)
  adding: resources/img/logo-notext.png (stored 0%)
  adding: resources/img/logo.png (stored 0%)
  adding: resources/img/wheel.gif (deflated 24%)
  adding: resources/img/AUdimat-Bold.otf (deflated 29%)
  adding: resources/img/AUdimat-BoldItalic.otf (deflated 27%)
  adding: resources/img/AUdimat-Italic.otf (deflated 25%)
  adding: resources/img/AUdimat-Regular.otf (deflated 27%)
  adding: resources/img/Michroma.ttf (deflated 48%)
  adding: resources/img/README.TXT (stored 0%)
  adding: resources/webcomponents/ (stored 0%)
  adding: resources/webcomponents/empty/ (stored 0%)
  adding: resources/webcomponents/empty/empty.html (deflated 47%)
  adding: resources/webcomponents/fglrichtext/ (stored 0%)
  adding: resources/webcomponents/fglrichtext/css/ (stored 0%)
  adding: resources/webcomponents/fglrichtext/css/misspell.gif (deflated 9%)
  adding: resources/webcomponents/fglrichtext/css/styles.css (deflated 70%)
  adding: resources/webcomponents/fglrichtext/fglrichtext.html (deflated 83%)
  adding: resources/webcomponents/fglrichtext/js/ (stored 0%)
  adding: resources/webcomponents/fglrichtext/js/fglrichtext.js (deflated 68%)
  adding: resources/webcomponents/fglrichtext/js/gICAPI.js (deflated 68%)
  adding: resources/webcomponents/fglrichtext/js/HtmlParser.js (deflated 75%)
  adding: resources/webcomponents/fglrichtext/js/quill-modules.js (deflated 54%)
  adding: resources/webcomponents/fglrichtext/js/Spellchecker.js (deflated 67%)
  adding: resources/webcomponents/fglrichtext/js/Toolbar.js (deflated 72%)
  adding: resources/webcomponents/fglrichtext/lib/ (stored 0%)
  adding: resources/webcomponents/fglrichtext/lib/font-awesome-4.7.0/ (stored 0%)
  adding: resources/webcomponents/fglrichtext/lib/font-awesome-4.7.0/css/ (stored 0%)
  adding: resources/webcomponents/fglrichtext/lib/font-awesome-4.7.0/css/font-awesome.css (deflated 80%)
  adding: resources/webcomponents/fglrichtext/lib/font-awesome-4.7.0/css/font-awesome.min.css (deflated 77%)
  adding: resources/webcomponents/fglrichtext/lib/font-awesome-4.7.0/fonts/ (stored 0%)
  adding: resources/webcomponents/fglrichtext/lib/font-awesome-4.7.0/fonts/fontawesome-webfont.eot (deflated 41%)
  adding: resources/webcomponents/fglrichtext/lib/font-awesome-4.7.0/fonts/fontawesome-webfont.svg (deflated 69%)
  adding: resources/webcomponents/fglrichtext/lib/font-awesome-4.7.0/fonts/fontawesome-webfont.ttf (deflated 41%)
  adding: resources/webcomponents/fglrichtext/lib/font-awesome-4.7.0/fonts/fontawesome-webfont.woff (deflated 0%)
  adding: resources/webcomponents/fglrichtext/lib/font-awesome-4.7.0/fonts/fontawesome-webfont.woff2 (deflated 0%)
  adding: resources/webcomponents/fglrichtext/lib/font-awesome-4.7.0/fonts/FontAwesome.otf (deflated 18%)
  adding: resources/webcomponents/fglrichtext/lib/font-awesome-4.7.0/HELP-US-OUT.txt (deflated 34%)
  adding: resources/webcomponents/fglrichtext/lib/font-awesome-4.7.0/less/ (stored 0%)
  adding: resources/webcomponents/fglrichtext/lib/font-awesome-4.7.0/less/animated.less (deflated 74%)
  adding: resources/webcomponents/fglrichtext/lib/font-awesome-4.7.0/less/bordered-pulled.less (deflated 63%)
  adding: resources/webcomponents/fglrichtext/lib/font-awesome-4.7.0/less/core.less (deflated 40%)
  adding: resources/webcomponents/fglrichtext/lib/font-awesome-4.7.0/less/fixed-width.less (deflated 20%)
  adding: resources/webcomponents/fglrichtext/lib/font-awesome-4.7.0/less/font-awesome.less (deflated 55%)
  adding: resources/webcomponents/fglrichtext/lib/font-awesome-4.7.0/less/icons.less (deflated 87%)
  adding: resources/webcomponents/fglrichtext/lib/font-awesome-4.7.0/less/larger.less (deflated 52%)
  adding: resources/webcomponents/fglrichtext/lib/font-awesome-4.7.0/less/list.less (deflated 46%)
  adding: resources/webcomponents/fglrichtext/lib/font-awesome-4.7.0/less/mixins.less (deflated 53%)
  adding: resources/webcomponents/fglrichtext/lib/font-awesome-4.7.0/less/path.less (deflated 66%)
  adding: resources/webcomponents/fglrichtext/lib/font-awesome-4.7.0/less/rotated-flipped.less (deflated 65%)
  adding: resources/webcomponents/fglrichtext/lib/font-awesome-4.7.0/less/screen-reader.less (deflated 47%)
  adding: resources/webcomponents/fglrichtext/lib/font-awesome-4.7.0/less/stacked.less (deflated 54%)
  adding: resources/webcomponents/fglrichtext/lib/font-awesome-4.7.0/less/variables.less (deflated 75%)
  adding: resources/webcomponents/fglrichtext/lib/font-awesome-4.7.0/scss/ (stored 0%)
  adding: resources/webcomponents/fglrichtext/lib/font-awesome-4.7.0/scss/_animated.scss (deflated 74%)
  adding: resources/webcomponents/fglrichtext/lib/font-awesome-4.7.0/scss/_bordered-pulled.scss (deflated 63%)
  adding: resources/webcomponents/fglrichtext/lib/font-awesome-4.7.0/scss/_core.scss (deflated 41%)
  adding: resources/webcomponents/fglrichtext/lib/font-awesome-4.7.0/scss/_fixed-width.scss (deflated 20%)
  adding: resources/webcomponents/fglrichtext/lib/font-awesome-4.7.0/scss/_icons.scss (deflated 87%)
  adding: resources/webcomponents/fglrichtext/lib/font-awesome-4.7.0/scss/_larger.scss (deflated 52%)
  adding: resources/webcomponents/fglrichtext/lib/font-awesome-4.7.0/scss/_list.scss (deflated 47%)
  adding: resources/webcomponents/fglrichtext/lib/font-awesome-4.7.0/scss/_mixins.scss (deflated 54%)
  adding: resources/webcomponents/fglrichtext/lib/font-awesome-4.7.0/scss/_path.scss (deflated 66%)
  adding: resources/webcomponents/fglrichtext/lib/font-awesome-4.7.0/scss/_rotated-flipped.scss (deflated 66%)
  adding: resources/webcomponents/fglrichtext/lib/font-awesome-4.7.0/scss/_screen-reader.scss (deflated 46%)
  adding: resources/webcomponents/fglrichtext/lib/font-awesome-4.7.0/scss/_stacked.scss (deflated 55%)
  adding: resources/webcomponents/fglrichtext/lib/font-awesome-4.7.0/scss/_variables.scss (deflated 75%)
  adding: resources/webcomponents/fglrichtext/lib/font-awesome-4.7.0/scss/font-awesome.scss (deflated 49%)
  adding: resources/webcomponents/fglrichtext/lib/helpers.js (deflated 65%)
  adding: resources/webcomponents/fglrichtext/lib/jsface/ (stored 0%)
  adding: resources/webcomponents/fglrichtext/lib/jsface/jsface.js (deflated 69%)
  adding: resources/webcomponents/fglrichtext/lib/jsface/jsface.min.js (deflated 56%)
  adding: resources/webcomponents/fglrichtext/lib/jsface/jsface.pointcut.js (deflated 70%)
  adding: resources/webcomponents/fglrichtext/lib/jsface/jsface.pointcut.min.js (deflated 53%)
  adding: resources/webcomponents/fglrichtext/lib/Quill/ (stored 0%)
  adding: resources/webcomponents/fglrichtext/lib/Quill/quill.min.js (deflated 78%)
  adding: resources/webcomponents/fglrichtext/lib/Quill/quill.min.js.map (deflated 78%)
  adding: resources/webcomponents/fglrichtext/lib/Quill/quill.snow.css (deflated 85%)
  adding: resources/webcomponents/fglrichtext/lib/quill-emoji/ (stored 0%)
  adding: resources/webcomponents/fglrichtext/lib/quill-emoji/26af932ef2dc8e6b5759865428c45732.png (deflated 0%)
  adding: resources/webcomponents/fglrichtext/lib/quill-emoji/quill-emoji.css (deflated 80%)
  adding: resources/webcomponents/fglrichtext/lib/quill-emoji/quill-emoji.js (deflated 85%)
  adding: resources/webcomponents/fglrichtext/lib/QuillDeltaToHtmlConverter.bundle.js (deflated 79%)
  adding: resources/README.TXT (stored 0%)
  adding: themes/ (stored 0%)
  adding: themes/default/ (stored 0%)
  adding: themes/default/resources/ (stored 0%)
  adding: themes/default/main.css (deflated 83%)
  adding: themes/default_mobile/ (stored 0%)
  adding: themes/default_mobile/resources/ (stored 0%)
  adding: themes/default_mobile/resources/img/ (stored 0%)
  adding: themes/default_mobile/resources/img/gbc_logo.ico (deflated 41%)
  adding: themes/default_mobile/main.css (deflated 83%)
  adding: themes/highcontrast_mobile/ (stored 0%)
  adding: themes/highcontrast_mobile/resources/ (stored 0%)
  adding: themes/highcontrast_mobile/resources/img/ (stored 0%)
  adding: themes/highcontrast_mobile/resources/img/gbc_logo.ico (deflated 41%)
  adding: themes/highcontrast_mobile/main.css (deflated 83%)
